../HardWare/APP/motor_task.c:17:6:app_motor_task_init	8	static
../HardWare/APP/motor_task.c:44:6:app_motor_task_loop	192	static
../HardWare/APP/motor_task.c:149:6:motor_control_init	16	static
../HardWare/APP/motor_task.c:188:6:motor_send_command	24	static
../HardWare/APP/motor_task.c:198:6:motor_set_mode	24	static
../HardWare/APP/motor_task.c:230:6:motor_start	24	static
../HardWare/APP/motor_task.c:268:6:motor_stop	24	static
../HardWare/APP/motor_task.c:282:6:motor_set_position	24	static
../HardWare/APP/motor_task.c:299:6:motor_set_speed	24	static
../HardWare/APP/motor_task.c:320:6:motor_set_torque	24	static
../HardWare/APP/motor_task.c:340:6:motor_set_acceleration	24	static
../HardWare/APP/motor_task.c:356:6:motor_set_deceleration	24	static
../HardWare/APP/motor_task.c:372:6:motor_set_zero_position	24	static
../HardWare/APP/motor_task.c:387:6:motor_get_data	24	static
../HardWare/APP/motor_task.c:402:13:send_motor_data_to_ble	184	static
../HardWare/APP/motor_task.c:433:6:motor_control_task	24	static
