../HardWare/EPOS/HW_epos.c:18:6:Epos_INIT_Controller1	8	static
../HardWare/EPOS/HW_epos.c:43:6:Epos_INIT_Controller2	8	static
../HardWare/EPOS/HW_epos.c:64:6:Epos_SpeedSet	8	static
../HardWare/EPOS/HW_epos.c:73:6:PM_SetAngle	8	static
../HardWare/EPOS/HW_epos.c:81:6:Epos_PosSet	16	static
../HardWare/EPOS/HW_epos.c:90:6:Epos_CSTSet	16	static
../HardWare/EPOS/HW_epos.c:99:6:Epos_HMMSetNowZero	16	static
../HardWare/EPOS/HW_epos.c:125:6:Epos_Start	8	static
../HardWare/EPOS/HW_epos.c:146:6:speed_Task	8	static
../HardWare/EPOS/HW_epos.c:174:6:pos_Task	8	static
../HardWare/EPOS/HW_epos.c:190:6:cst_Task	8	static
../HardWare/EPOS/HW_epos.c:208:6:Epos_ControlTask	40	static
../HardWare/EPOS/HW_epos.c:247:6:Epos_ReceiveDate	16	static
../HardWare/EPOS/HW_epos.c:263:6:Epos_ReadPosition	8	static
../HardWare/EPOS/HW_epos.c:268:6:Epos_ReadVelocity	8	static
../HardWare/EPOS/HW_epos.c:273:6:Epos_ReadTorque	8	static
../HardWare/EPOS/HW_epos.c:286:6:Epos_SetAcceleration	16	static
../HardWare/EPOS/HW_epos.c:293:6:Epos_SetDeceleration	16	static
../HardWare/EPOS/HW_epos.c:299:6:Epos_StartSpeedMode	16	static
../HardWare/EPOS/HW_epos.c:308:6:Epos_StartPositionMode	16	static
../HardWare/EPOS/HW_epos.c:316:6:Epos_StartTorqueMode	16	static
../HardWare/EPOS/HW_epos.c:325:6:Epos_OnlyChangeTorque	16	static
../HardWare/EPOS/HW_epos.c:334:6:Epos_Stop	8	static
../HardWare/EPOS/HW_epos.c:340:7:Epos_HMMZero	8	static
