../HardWare/BLE/ble_server.c:27:6:UART6_SendData	280	static
../HardWare/BLE/ble_server.c:43:6:UART6_StartReceive	8	static
../HardWare/BLE/ble_server.c:50:7:findCommand	16	static
../HardWare/BLE/ble_server.c:522:13:handle_motor_velocity_command	48	static
../HardWare/BLE/ble_server.c:593:13:handle_motor_position_command	48	static
../HardWare/BLE/ble_server.c:664:13:handle_motor_torque_command	48	static
../HardWare/BLE/ble_server.c:735:13:handle_motor_acceleration_command	40	static
../HardWare/BLE/ble_server.c:760:13:handle_motor_deceleration_command	40	static
../HardWare/BLE/ble_server.c:785:13:handle_motor_zero_command	32	static
../HardWare/BLE/ble_server.c:808:13:handle_data_transmission_command	32	static
../HardWare/BLE/ble_server.c:891:13:handle_ble_status_command	16	static
../HardWare/BLE/ble_server.c:911:6:ble_handle_command	40	static
../HardWare/BLE/ble_server.c:979:6:ble_command_progress	8	static
