../HardWare/Bsp/can_bsp.c:29:6:can_filter_init	40	static
../HardWare/Bsp/can_bsp.c:15:6:can_bsp_init	8	static
../HardWare/Bsp/can_bsp.c:56:9:fdcanx_send_data	48	static
../HardWare/Bsp/can_bsp.c:103:9:fdcanx_receive	56	static
../HardWare/Bsp/can_bsp.c:144:6:fdcan_clear_rx_fifo	112	static
../HardWare/Bsp/can_bsp.c:182:6:fdcan_disable_interrupt	8	static
../HardWare/Bsp/can_bsp.c:191:6:fdcan_enable_interrupt	8	static
../HardWare/Bsp/can_bsp.c:211:6:fdcan1_rx_callback	8	static
../HardWare/Bsp/can_bsp.c:167:6:HAL_FDCAN_RxFifo0Callback	8	static
../HardWare/Bsp/can_bsp.c:231:6:can_run	16	static
../HardWare/Bsp/can_bsp.c:238:9:can_run_outline_speed	16	static
../HardWare/Bsp/can_bsp.c:253:9:can_set_outline_speed	16	static
../HardWare/Bsp/can_bsp.c:271:9:can_exit	16	static
../HardWare/Bsp/can_bsp.c:284:9:can_enable	16	static
../HardWare/Bsp/can_bsp.c:297:9:can_set_position	16	static
../HardWare/Bsp/can_bsp.c:314:9:can_run_imm	16	static
../HardWare/Bsp/can_bsp.c:326:9:can_read_pos	16	static
