../HardWare/Bsp/S485_master.c:27:6:RS485_Master_Init	24	static
../HardWare/Bsp/S485_master.c:53:6:RS485_EnableRxMode	16	static
../HardWare/Bsp/S485_master.c:69:6:RS485_EnableTxMode	16	static
../HardWare/Bsp/S485_master.c:87:9:CalculateChecksum	24	static
../HardWare/Bsp/S485_master.c:102:6:VerifyChecksum	24	static
../HardWare/Bsp/S485_master.c:117:6:RS485_Send	24	static
../HardWare/Bsp/S485_master.c:137:6:RS485_SendCommand	296	static
../HardWare/Bsp/S485_master.c:185:6:RS485_WaitForResponse	24	static
../HardWare/Bsp/S485_master.c:205:6:FindCompleteFrame	32	static
../HardWare/Bsp/S485_master.c:241:6:ProcessResponse	56	static
../HardWare/Bsp/S485_master.c:483:6:RS485_QueryStatus	16	static
../HardWare/Bsp/S485_master.c:499:6:RS485_GetAllData	16	static
../HardWare/Bsp/S485_master.c:518:6:RS485_InitializeSensors	16	static
../HardWare/Bsp/S485_master.c:556:6:RS485_DataAcquisitionCallback	16	static
../HardWare/Bsp/S485_master.c:580:6:RS485_AUTO_SendDataStart	16	static
../HardWare/Bsp/S485_master.c:589:6:RS485_AUTO_SendDataStop	16	static
../HardWare/Bsp/S485_master.c:598:6:RS485_DataAutoProcess	8	static
