../HardWare/Bsp/S485_master.c:27:6:RS485_Master_Init	24	static
../HardWare/Bsp/S485_master.c:53:6:RS485_EnableRxMode	0	static
../HardWare/Bsp/S485_master.c:69:6:RS485_EnableTxMode	0	static
../HardWare/Bsp/S485_master.c:87:9:CalculateChecksum	0	static
../HardWare/Bsp/S485_master.c:102:6:VerifyChecksum	8	static
../HardWare/Bsp/S485_master.c:117:6:RS485_Send	8	static
../HardWare/Bsp/S485_master.c:137:6:RS485_SendCommand	272	static
../HardWare/Bsp/S485_master.c:185:6:RS485_WaitForResponse	16	static
../HardWare/Bsp/S485_master.c:205:6:FindCompleteFrame	24	static
../HardWare/Bsp/S485_master.c:241:6:ProcessResponse	48	static
../HardWare/Bsp/S485_master.c:815:6:RS485_QueryStatus	16	static
../HardWare/Bsp/S485_master.c:831:6:RS485_GetAllData	16	static
../HardWare/Bsp/S485_master.c:887:6:RS485_DataAcquisitionCallback	8	static
../HardWare/Bsp/S485_master.c:847:6:RS485_InitializeSensors	16	static
../HardWare/Bsp/S485_master.c:911:6:RS485_AUTO_SendDataStart	8	static
../HardWare/Bsp/S485_master.c:920:6:RS485_AUTO_SendDataStop	8	static
../HardWare/Bsp/S485_master.c:929:6:RS485_DataAutoProcess	8	static
