../Core/Src/stm32h7xx_it.c:81:6:NMI_Handler	4	static
../Core/Src/stm32h7xx_it.c:96:6:HardFault_Handler	4	static
../Core/Src/stm32h7xx_it.c:111:6:MemManage_Handler	4	static
../Core/Src/stm32h7xx_it.c:126:6:BusFault_Handler	4	static
../Core/Src/stm32h7xx_it.c:141:6:UsageFault_Handler	4	static
../Core/Src/stm32h7xx_it.c:156:6:DebugMon_Handler	4	static
../Core/Src/stm32h7xx_it.c:176:6:DMA1_Stream0_IRQHandler	8	static
../Core/Src/stm32h7xx_it.c:190:6:DMA1_Stream1_IRQHandler	8	static
../Core/Src/stm32h7xx_it.c:204:6:DMA1_Stream2_IRQHandler	8	static
../Core/Src/stm32h7xx_it.c:218:6:DMA1_Stream5_IRQHandler	8	static
../Core/Src/stm32h7xx_it.c:232:6:FDCAN1_IT0_IRQHandler	8	static
../Core/Src/stm32h7xx_it.c:246:6:FDCAN1_IT1_IRQHandler	8	static
../Core/Src/stm32h7xx_it.c:260:6:TIM1_UP_IRQHandler	8	static
../Core/Src/stm32h7xx_it.c:274:6:SPI2_IRQHandler	8	static
../Core/Src/stm32h7xx_it.c:288:6:USART1_IRQHandler	8	static
../Core/Src/stm32h7xx_it.c:302:6:USART2_IRQHandler	8	static
../Core/Src/stm32h7xx_it.c:316:6:USART3_IRQHandler	8	static
../Core/Src/stm32h7xx_it.c:330:6:EXTI15_10_IRQHandler	8	static
../Core/Src/stm32h7xx_it.c:345:6:USART6_IRQHandler	8	static
../Core/Src/stm32h7xx_it.c:359:6:USART10_IRQHandler	8	static
